// Jest Snapshot v1, https://goo.gl/fbAQLP

exports[`Gif Card Test Suite Should show Gif Card Component 1`] = `
<div
  className="card animate__animated animate__bounce"
>
  <img
    alt="Test"
    src="test"
  />
  <p>
    Test
  </p>
</div>
`;
